{
    "cmd":"getSecurityClass",
    "req_id":127,
    "id":127,
    "t":1775323181674,
    "data":"EQRP_INFO"
}

{
    "t":1775323530239,
    "lua_error":"Заявка не найдена",
    "data":null,
    "cmd":"lua_error",
    "req_id":1,
    "id":1
}

{
"t":1775323734735,
"data":"TQTE,TQCB,TQOE,TQRD,TQUD,TQED,FQBR,SPBFUT,SPBOPT,USDRUB,OPTSPOT,OPTCURNCY,OPTCOMDTY,OPTIDX,RTSIDX,EQRP_INFO,FUTCLT,SPBXM,SPBDE,SPBRU,SPBRUBND,SPBRU_USD,PSSPBRUBNDDO,REPORT,REPORTFORTS,CROSSRATE,QT_BN,INDX,TQIF_HOL,TQTF_HOL,TQTF_W_HOL,UP,CETS,CETS_MTL,TQFD,TQFE,OCTR,TQTY,MTQR,SMAL,TQBR,TQOB,TQIF,TQTF,TQTF_W,TQBD,TQTD,TQOD,TQOY,TQTF_F_HOL,EES_OTC,TQTF_F,SMS,MPAU,PSAU_FREE,PSAU,PSSU,PSSU_YAD,PACY,QT_EQ,",
"cmd":"getClassesList",
"req_id":1,"id":1
}

GetClientCode

{
"t":1775323736918,
"data":"136XHS",
"cmd":"getClientCode",
"req_id":128,"id":128
}

{
"cmd":"lua_error",
"t":1775324546167,
"lua_error":"Заявка не найдена",
"req_id":1,
"data":null,
"id":1
}


response.Data
ValueKind = String : "05.04.2026"
ValueKind = String : "Заявка не найдена"