2026-03-25 17:45:31.050 LOG 0: Detected Quik version: 1208, script path: C:\Programming\QuikSharp\lua
2026-03-25 17:45:31.100 LOG 1: Shared memory IPC (variant 2) initialized
2026-03-25 17:45:31.150 LOG 1: QUIK# connected via shared memory (variant 2)
2026-03-25 17:49:37.050 LOG 0: Detected Quik version: 1208, script path: C:\Programming\QuikSharp\lua
2026-03-25 17:49:37.100 LOG 1: Shared memory IPC (variant 2) initialized
2026-03-25 17:49:37.150 LOG 1: QUIK# connected via shared memory (variant 2)
2026-03-25 17:49:37.200 LOG 1: QUIK#OnQuote
2026-03-25 17:49:38.050 LOG 1: QUIK#OnQuote
2026-03-25 17:49:38.150 LOG 1: QUIK#OnQuote
2026-03-25 17:49:38.250 LOG 1: QUIK#OnQuote
2026-03-25 17:49:38.350 LOG 1: QUIK#OnQuote
2026-03-25 17:49:38.450 LOG 1: QUIK#OnQuote
2026-03-25 17:49:38.550 LOG 1: QUIK#OnQuote
2026-03-25 17:49:38.650 LOG 1: QUIK#OnQuote
2026-03-25 17:49:39.050 LOG 1: QUIK#OnQuote
2026-03-25 17:49:39.150 LOG 1: QUIK#OnQuote
2026-03-25 17:49:39.250 LOG 1: QUIK#OnQuote
2026-03-25 17:49:39.350 LOG 1: QUIK#OnQuote
2026-03-25 17:49:39.450 LOG 1: QUIK#OnQuote
2026-03-25 17:49:39.550 LOG 1: QUIK#OnQuote
2026-03-25 17:49:39.650 LOG 1: QUIK#OnQuote
2026-03-25 17:49:40.050 LOG 1: QUIK#OnQuote
2026-03-25 17:49:40.150 LOG 1: QUIK#OnQuote
2026-03-25 17:49:40.250 LOG 1: QUIK#OnQuote
2026-03-25 17:49:40.350 LOG 1: QUIK#OnQuote
2026-03-25 17:49:40.450 LOG 1: QUIK#OnQuote
2026-03-25 17:49:40.550 LOG 1: QUIK#OnQuote
2026-03-25 17:49:40.650 LOG 1: QUIK#OnQuote
2026-03-25 17:49:40.750 LOG 1: QUIK#OnQuote
2026-03-25 17:49:40.850 LOG 1: QUIK#OnQuote
2026-03-25 17:49:41.050 LOG 1: QUIK#OnQuote
2026-03-25 17:49:41.150 LOG 1: QUIK#OnQuote
2026-03-25 17:49:41.250 LOG 1: QUIK#OnQuote
2026-03-25 17:49:41.350 LOG 1: QUIK#OnQuote
2026-03-25 17:49:41.450 LOG 1: QUIK#OnQuote
2026-03-25 17:49:41.550 LOG 1: QUIK#OnQuote
2026-03-25 17:49:41.650 LOG 1: QUIK#OnQuote
2026-03-25 17:49:41.750 LOG 1: QUIK#OnParam
2026-03-25 17:49:41.850 LOG 1: QUIK#OnParam
2026-03-25 17:49:41.950 LOG 1: QUIK#OnParam
2026-03-25 17:49:41.050 LOG 1: QUIK#OnParam
2026-03-25 17:49:41.150 LOG 1: QUIK#OnParam
2026-03-25 17:49:41.250 LOG 1: QUIK#OnParam
2026-03-25 17:49:41.350 LOG 1: QUIK#OnParam
2026-03-25 17:49:41.450 LOG 1: QUIK#OnParam
2026-03-25 17:49:41.550 LOG 1: QUIK#OnParam
2026-03-25 17:49:41.650 LOG 1: QUIK#OnParam
2026-03-25 17:49:41.750 LOG 1: QUIK#OnParam
2026-03-25 17:49:41.850 LOG 1: QUIK#OnParam
2026-03-25 17:49:42.050 LOG 1: QUIK#OnParam
2026-03-25 17:49:42.150 LOG 1: QUIK#OnParam
2026-03-25 17:49:42.250 LOG 1: QUIK#OnParam
2026-03-25 17:49:42.350 LOG 1: QUIK#OnParam
2026-03-25 17:49:42.450 LOG 1: QUIK#OnParam
2026-03-25 17:49:42.550 LOG 1: QUIK#OnParam
2026-03-25 17:49:42.650 LOG 1: QUIK#OnParam
2026-03-25 17:49:42.750 LOG 1: QUIK#OnParam
2026-03-25 17:49:42.850 LOG 1: QUIK#OnParam
2026-03-25 17:49:42.950 LOG 1: QUIK#OnParam
2026-03-25 17:49:42.050 LOG 1: QUIK#OnParam
2026-03-25 17:49:42.150 LOG 1: QUIK#OnParam
2026-03-25 17:49:42.250 LOG 1: QUIK#OnParam
2026-03-25 17:49:42.350 LOG 1: QUIK#OnParam
2026-03-25 17:49:42.450 LOG 1: QUIK#OnParam
2026-03-25 17:49:42.550 LOG 1: QUIK#OnParam
2026-03-25 17:49:42.650 LOG 1: QUIK#OnParam
2026-03-25 17:49:42.750 LOG 1: QUIK#OnParam
2026-03-25 17:49:42.850 LOG 1: QUIK#OnParam
2026-03-25 17:49:42.950 LOG 1: QUIK#OnParam
2026-03-25 17:49:42.050 LOG 1: QUIK#OnParam
2026-03-25 17:49:42.150 LOG 1: QUIK#OnParam
2026-03-25 17:49:42.250 LOG 1: QUIK#OnParam
2026-03-25 17:49:42.350 LOG 1: QUIK#OnParam
2026-03-25 17:49:42.450 LOG 1: QUIK#OnParam
2026-03-25 17:49:42.550 LOG 1: QUIK#OnParam
2026-03-25 17:49:42.650 LOG 1: QUIK#OnParam
2026-03-25 17:49:42.750 LOG 1: QUIK#OnParam
2026-03-25 17:49:42.850 LOG 1: QUIK#OnParam
2026-03-25 17:49:42.950 LOG 1: QUIK#OnParam
2026-03-25 17:49:42.050 LOG 1: QUIK#OnParam
2026-03-25 17:49:42.150 LOG 1: QUIK#OnParam
2026-03-25 17:49:42.250 LOG 1: QUIK#OnParam
2026-03-25 17:49:42.350 LOG 1: QUIK#OnParam
2026-03-25 17:49:42.450 LOG 1: QUIK#OnParam
2026-03-25 17:49:42.550 LOG 1: QUIK#OnParam
2026-03-25 17:49:42.650 LOG 1: QUIK#OnParam
2026-03-25 17:49:42.750 LOG 1: QUIK#OnParam
2026-03-25 17:49:42.850 LOG 1: QUIK#OnParam
2026-03-25 17:49:42.950 LOG 1: QUIK#OnParam
2026-03-25 17:49:42.050 LOG 1: QUIK#OnParam
2026-03-25 17:49:42.150 LOG 1: QUIK#OnParam
2026-03-25 17:49:42.250 LOG 1: QUIK#OnParam
2026-03-25 17:49:42.350 LOG 1: QUIK#OnParam
2026-03-25 17:49:42.450 LOG 1: QUIK#OnParam
2026-03-25 17:49:42.550 LOG 1: QUIK#OnParam
2026-03-25 17:49:42.650 LOG 1: QUIK#OnParam
2026-03-25 17:49:42.750 LOG 1: QUIK#OnParam
2026-03-25 17:49:42.850 LOG 1: QUIK#OnParam
2026-03-25 17:49:42.950 LOG 1: QUIK#OnParam
2026-03-25 17:49:42.050 LOG 1: QUIK#OnParam
2026-03-25 17:49:42.150 LOG 1: QUIK#OnParam
2026-03-25 17:49:42.250 LOG 1: QUIK#OnParam
2026-03-25 17:49:42.350 LOG 1: QUIK#OnParam
2026-03-25 17:49:42.450 LOG 1: QUIK#OnParam
2026-03-25 17:49:42.550 LOG 1: QUIK#OnParam
2026-03-25 17:49:42.650 LOG 1: QUIK#OnParam
2026-03-25 17:49:42.750 LOG 1: QUIK#OnParam
2026-03-25 17:49:42.850 LOG 1: QUIK#OnParam
2026-03-25 17:49:42.950 LOG 1: QUIK#OnParam
2026-03-25 17:49:42.050 LOG 1: QUIK#OnParam
2026-03-25 17:49:42.150 LOG 1: QUIK#OnParam
2026-03-25 17:49:42.250 LOG 1: QUIK#OnParam
2026-03-25 17:49:42.350 LOG 1: QUIK#OnParam
2026-03-25 17:49:42.450 LOG 1: QUIK#OnParam
2026-03-25 17:49:42.550 LOG 1: QUIK#OnParam
2026-03-25 17:49:42.650 LOG 1: QUIK#OnParam
2026-03-25 17:49:42.750 LOG 1: QUIK#OnParam
2026-03-25 17:49:42.850 LOG 1: QUIK#OnParam
2026-03-25 17:49:42.950 LOG 1: QUIK#OnParam
2026-03-25 17:49:42.050 LOG 1: QUIK#OnParam
2026-03-25 17:49:42.150 LOG 1: QUIK#OnParam
2026-03-25 17:49:42.250 LOG 1: QUIK#OnParam
2026-03-25 17:49:42.350 LOG 1: QUIK#OnParam
2026-03-25 17:49:42.450 LOG 1: QUIK#OnParam
2026-03-25 17:49:42.550 LOG 1: QUIK#OnParam
2026-03-25 17:49:42.650 LOG 1: QUIK#OnParam
2026-03-25 17:49:42.750 LOG 1: QUIK#OnParam
2026-03-25 17:49:42.850 LOG 1: QUIK#OnParam
2026-03-25 17:49:42.950 LOG 1: QUIK#OnParam
2026-03-25 17:49:42.050 LOG 1: QUIK#OnParam
2026-03-25 17:49:42.150 LOG 1: QUIK#OnParam
2026-03-25 17:49:42.250 LOG 1: QUIK#OnParam
2026-03-25 17:49:42.350 LOG 1: QUIK#OnParam
2026-03-25 17:49:42.450 LOG 1: QUIK#OnParam
2026-03-25 17:49:42.550 LOG 1: QUIK#OnParam
2026-03-25 17:49:42.650 LOG 1: QUIK#OnParam
2026-03-25 17:49:42.750 LOG 1: QUIK#OnParam
2026-03-25 17:49:42.850 LOG 1: QUIK#OnParam
2026-03-25 17:49:42.950 LOG 1: QUIK#OnParam
2026-03-25 17:49:42.050 LOG 1: QUIK#OnParam
2026-03-25 17:49:42.150 LOG 1: QUIK#OnParam
2026-03-25 17:49:42.250 LOG 1: QUIK#OnParam
2026-03-25 17:49:42.350 LOG 1: QUIK#OnParam
2026-03-25 17:49:42.450 LOG 1: QUIK#OnParam
2026-03-25 17:49:42.550 LOG 1: QUIK#OnParam
2026-03-25 17:49:42.650 LOG 1: QUIK#OnParam
2026-03-25 17:49:42.750 LOG 1: QUIK#OnParam
2026-03-25 17:49:42.850 LOG 1: QUIK#OnParam
2026-03-25 17:49:42.950 LOG 1: QUIK#OnParam
2026-03-25 17:49:42.050 LOG 1: QUIK#OnParam
2026-03-25 17:49:42.150 LOG 1: QUIK#OnParam
2026-03-25 17:49:42.250 LOG 1: QUIK#OnParam
2026-03-25 17:49:42.350 LOG 1: QUIK#OnParam
2026-03-25 17:49:42.450 LOG 1: QUIK#OnParam
2026-03-25 17:49:42.550 LOG 1: QUIK#OnParam
2026-03-25 17:49:42.650 LOG 1: QUIK#OnParam
2026-03-25 17:49:42.750 LOG 1: QUIK#OnParam
2026-03-25 17:49:42.850 LOG 1: QUIK#OnParam
2026-03-25 17:49:42.950 LOG 1: QUIK#OnParam
2026-03-25 17:49:42.050 LOG 1: QUIK#OnParam
2026-03-25 17:49:42.150 LOG 1: QUIK#OnParam
2026-03-25 17:49:42.250 LOG 1: QUIK#OnParam
2026-03-25 17:49:42.350 LOG 1: QUIK#OnParam
2026-03-25 17:49:42.450 LOG 1: QUIK#OnParam
2026-03-25 17:49:42.550 LOG 1: QUIK#OnParam
2026-03-25 17:49:42.650 LOG 1: QUIK#OnParam
2026-03-25 17:49:42.750 LOG 1: QUIK#OnParam
2026-03-25 17:49:42.850 LOG 1: QUIK#OnParam
2026-03-25 17:49:42.950 LOG 1: QUIK#OnParam
2026-03-25 17:49:42.050 LOG 1: QUIK#OnParam
2026-03-25 17:49:42.150 LOG 1: QUIK#OnParam
2026-03-25 17:49:42.250 LOG 1: QUIK#OnParam
2026-03-25 17:49:42.350 LOG 1: QUIK#OnParam
2026-03-25 17:49:42.450 LOG 1: QUIK#OnParam
2026-03-25 17:49:42.550 LOG 1: QUIK#OnParam
2026-03-25 17:49:42.650 LOG 1: QUIK#OnParam
2026-03-25 17:49:42.750 LOG 1: QUIK#OnParam
2026-03-25 17:49:42.850 LOG 1: QUIK#OnParam
2026-03-25 17:49:42.950 LOG 1: QUIK#OnParam
2026-03-25 17:49:42.050 LOG 1: QUIK#OnParam
2026-03-25 17:49:42.150 LOG 1: QUIK#OnParam
2026-03-25 17:49:42.250 LOG 1: QUIK#OnParam
2026-03-25 17:49:42.350 LOG 1: QUIK#OnParam
2026-03-25 17:49:42.450 LOG 1: QUIK#OnParam
2026-03-25 17:49:42.550 LOG 1: QUIK#OnParam
2026-03-25 17:49:42.650 LOG 1: QUIK#OnParam
2026-03-25 17:49:42.750 LOG 1: QUIK#OnParam
2026-03-25 17:49:42.850 LOG 1: QUIK#OnParam
2026-03-25 17:49:42.950 LOG 1: QUIK#OnParam
2026-03-25 17:49:42.050 LOG 1: QUIK#OnParam
2026-03-25 17:49:42.150 LOG 1: QUIK#OnParam
2026-03-25 17:49:42.250 LOG 1: QUIK#OnParam
2026-03-25 17:49:42.350 LOG 1: QUIK#OnParam
2026-03-25 17:49:42.450 LOG 1: QUIK#OnParam
2026-03-25 17:49:42.550 LOG 1: QUIK#OnParam
2026-03-25 17:49:42.650 LOG 1: QUIK#OnParam
2026-03-25 17:49:42.750 LOG 1: QUIK#OnParam
2026-03-25 17:49:42.850 LOG 1: QUIK#OnParam
2026-03-25 17:49:42.950 LOG 1: QUIK#OnParam
2026-03-25 17:49:42.050 LOG 1: QUIK#OnParam
2026-03-25 17:49:42.150 LOG 1: QUIK#OnParam
2026-03-25 17:49:42.250 LOG 1: QUIK#OnQuote
2026-03-25 17:49:42.350 LOG 1: QUIK#OnQuote
2026-03-25 17:49:42.450 LOG 1: QUIK#OnQuote
2026-03-25 17:49:42.550 LOG 1: QUIK#OnQuote
2026-03-25 17:49:42.650 LOG 1: QUIK#OnQuote
2026-03-25 17:49:42.750 LOG 1: QUIK#OnQuote
2026-03-25 17:49:42.850 LOG 1: QUIK#OnQuote
2026-03-25 17:49:42.950 LOG 1: QUIK#OnQuote
2026-03-25 17:49:42.050 LOG 1: QUIK#OnQuote
2026-03-25 17:49:42.150 LOG 1: QUIK#OnQuote
2026-03-25 17:49:42.250 LOG 1: QUIK#OnQuote
2026-03-25 17:49:43.050 LOG 1: QUIK#OnQuote
2026-03-25 17:49:43.150 LOG 1: QUIK#OnQuote
2026-03-25 17:49:43.250 LOG 1: QUIK#OnQuote
2026-03-25 17:49:43.350 LOG 1: QUIK#OnQuote
2026-03-25 17:49:43.450 LOG 1: QUIK#OnQuote
2026-03-25 17:49:43.550 LOG 1: QUIK#OnQuote
2026-03-25 17:49:43.650 LOG 1: QUIK#OnQuote
2026-03-25 17:49:43.750 LOG 1: QUIK#OnQuote
2026-03-25 17:49:44.050 LOG 1: QUIK#OnQuote
2026-03-25 17:49:44.150 LOG 1: QUIK#OnQuote
2026-03-25 17:49:44.250 LOG 1: QUIK#OnQuote
2026-03-25 17:49:45.050 LOG 1: QUIK#OnQuote
2026-03-25 17:49:45.150 LOG 1: QUIK#OnQuote
2026-03-25 17:49:45.250 LOG 1: QUIK#OnQuote
2026-03-25 17:49:45.350 LOG 1: QUIK#OnQuote
2026-03-25 17:49:45.450 LOG 1: QUIK#OnQuote
2026-03-25 17:49:45.550 LOG 1: QUIK#OnQuote
2026-03-25 17:49:45.650 LOG 1: QUIK#OnQuote
2026-03-25 17:49:46.050 LOG 1: QUIK#OnQuote
2026-03-25 17:49:46.150 LOG 1: QUIK#OnQuote
2026-03-25 17:49:46.250 LOG 1: QUIK#OnQuote
2026-03-25 17:49:46.350 LOG 1: QUIK#OnQuote
2026-03-25 17:49:46.450 LOG 1: QUIK#OnQuote
2026-03-25 17:49:46.550 LOG 1: QUIK#OnQuote
2026-03-25 17:49:46.650 LOG 1: QUIK#OnQuote
2026-03-25 17:49:46.750 LOG 1: QUIK#OnQuote
2026-03-25 17:49:46.850 LOG 1: QUIK#OnQuote
2026-03-25 17:49:47.050 LOG 1: QUIK#OnQuote
2026-03-25 17:49:47.150 LOG 1: QUIK#OnQuote
2026-03-25 17:49:47.250 LOG 1: QUIK#OnQuote
2026-03-25 17:49:47.350 LOG 1: QUIK#OnQuote
2026-03-25 17:49:47.450 LOG 1: QUIK#OnQuote
2026-03-25 17:49:47.550 LOG 1: QUIK#OnQuote
2026-03-25 17:49:47.650 LOG 1: QUIK#OnQuote
2026-03-25 17:49:47.750 LOG 1: QUIK#OnQuote
2026-03-25 17:49:47.850 LOG 1: QUIK#OnQuote
2026-03-25 17:49:47.950 LOG 1: QUIK#OnQuote
2026-03-25 17:49:47.050 LOG 1: QUIK#OnQuote
2026-03-25 17:49:47.150 LOG 1: QUIK#OnQuote
2026-03-25 17:49:47.250 LOG 1: QUIK#OnQuote
2026-03-25 17:49:47.350 LOG 1: QUIK#OnQuote
2026-03-25 17:49:48.050 LOG 1: QUIK#OnQuote
2026-03-25 17:49:48.150 LOG 1: QUIK#OnQuote
2026-03-25 17:52:04.050 LOG 0: Detected Quik version: 1208, script path: C:\Programming\QuikSharp\lua
2026-03-25 17:52:04.100 LOG 1: Shared memory IPC (variant 2) initialized
2026-03-25 17:52:04.150 LOG 1: QUIK# connected via shared memory (variant 2)
