2026-03-19 21:52:18.050 LOG 0: Detected Quik version: 1208, script path: C:\Programming\QuikSharp\lua
2026-03-19 21:52:18.100 LOG 1: Shared memory IPC (variant 2) initialized
2026-03-19 21:52:18.150 LOG 1: QUIK# connected via shared memory (variant 2)
2026-03-19 21:52:33.050 LOG 0: Запрос от C# (req_id=1): {"createdTime":1773946353066,"data":{"createdTime":1773946353062,"data":"TQBR|123456789","cmd":"get_order_by_number"},"id":1,"cmd":"get_order_by_number"}
2026-03-19 21:52:33.100 LOG 3: get_order_by_number: Р·Р°СЏС‹РєР° TQBR|123456789 РЅРµ РЅР°Р№РґРµРЅР°
2026-03-19 21:52:33.150 LOG 3: lua_error 1: get_order_by_number
2026-03-19 21:52:33.200 LOG 0: Запрос от C# (req_id=1): {"id":1,"createdTime":1773946353066,"lua_error":"Order not found: TQBR|123456789","cmd":"lua_error"}
2026-03-19 21:52:33.250 LOG 1: После dispatch: cmd=lua_error, data тип=nil, data=[]
2026-03-19 21:54:16.050 LOG 0: Detected Quik version: 1208, script path: C:\Programming\QuikSharp\lua
2026-03-19 21:54:16.100 LOG 1: Shared memory IPC (variant 2) initialized
2026-03-19 21:54:16.150 LOG 1: QUIK# connected via shared memory (variant 2)
2026-03-19 21:54:21.250 LOG 0: Запрос от C# 1 (req_id=1): {"data":{"data":"TQBR|123456789","cmd":"get_order_by_number","createdTime":1773946461922},"cmd":"get_order_by_number","id":1,"createdTime":1773946461926}
2026-03-19 21:54:21.300 LOG 3: get_order_by_number: Р·Р°СЏС‹РєР° TQBR|123456789 РЅРµ РЅР°Р№РґРµРЅР°
2026-03-19 21:54:21.350 LOG 3: lua_error 1: get_order_by_number
2026-03-19 21:54:21.400 LOG 0: Запрос от C# 2 (req_id=1): {"lua_error":"Order not found: TQBR|123456789","createdTime":1773946461926,"id":1,"cmd":"lua_error"}
2026-03-19 21:54:21.450 LOG 1: После dispatch: cmd=lua_error, data тип=nil, data=[]
2026-03-19 21:57:06.050 LOG 0: Запрос от C# 1 (req_id=1): {"data":{"data":"","cmd":"getClassesList","createdTime":1773946626236},"cmd":"getClassesList","id":1,"createdTime":1773946626246}
2026-03-19 21:57:06.100 LOG 0: Р’С‹Р·РѕРІ getClassesList, req_id=?
2026-03-19 21:57:06.150 LOG 3: lua_error 2: getClassesList
2026-03-19 21:57:06.200 LOG 0: Запрос от C# 2 (req_id=1): {"createdTime":1773946626246,"data":"TQTE,TQCB,TQOE,TQRD,TQUD,TQED,FQBR,SPBFUT,SPBOPT,USDRUB,OPTSPOT,OPTCURNCY,OPTCOMDTY,OPTIDX,RTSIDX,EQRP_INFO,FUTCLT,SPBXM,SPBDE,SPBEQRU,SPBRU,SPBRUBND,SPBRU_USD,PSSPBRUBNDDO,REPORT,REPORTFORTS,VTB_OTC,CROSSRATE,QT_BN,INDX,TQIF_HOL,TQTF_HOL,TQTF_W_HOL,UP,CETS,CETS_MTL,TQFD,TQFE,OCTR,TQTY,MTQR,SMAL,TQBR,TQOB,TQIF,TQTF,TQTF_W,TQBD,TQTD,TQOD,TQOY,TQTF_F_HOL,EES_OTC,TQTF_F,SMS,ALGO_ICEBERG,ALGO_VOLATIL,ALGO_TWAP,ALGO_VWAP,ALGO_GTD,MPAU,PSAU_FREE,PSAU,PSSU,PSSU_YAD,PACY,QT_EQ,","id":1,"cmd":"getClassesList"}
2026-03-19 21:57:06.250 LOG 1: После dispatch: cmd=getClassesList, data тип=string, data="TQTE,TQCB,TQOE,TQRD,TQUD,TQED,FQBR,SPBFUT,SPBOPT,USDRUB,OPTSPOT,OPTCURNCY,OPTCOMDTY,OPTIDX,RTSIDX,EQRP_INFO,FUTCLT,SPBXM,SPBDE,SPBEQRU,SPBRU,SPBRUBND,SPBRU_USD,PSSPBRUBNDDO,REPORT,REPORTFORTS,VTB_OTC,CROSSRATE,QT_BN,INDX,TQIF_HOL,TQTF_HOL,TQTF_W_HOL,UP,CETS,CETS_MTL,TQFD,TQFE,OCTR,TQTY,MTQR,SMAL,TQBR,TQOB,TQIF,TQTF,TQTF_W,TQBD,TQTD,TQOD,TQOY,TQTF_F_HOL,EES_OTC,TQTF_F,SMS,ALGO_ICEBERG,ALGO_VOLATIL,ALGO_TWAP,ALGO_VWAP,ALGO_GTD,MPAU,PSAU_FREE,PSAU,PSSU,PSSU_YAD,PACY,QT_EQ,"
2026-03-19 21:57:08.150 LOG 0: Запрос от C# 1 (req_id=1): {"data":{"data":"TQBR|123456789","cmd":"get_order_by_number","createdTime":1773946628477},"cmd":"get_order_by_number","id":1,"createdTime":1773946628477}
2026-03-19 21:57:08.200 LOG 3: get_order_by_number: Р·Р°СЏС‹РєР° TQBR|123456789 РЅРµ РЅР°Р№РґРµРЅР°
2026-03-19 21:57:08.250 LOG 3: lua_error 1: get_order_by_number
2026-03-19 21:57:08.300 LOG 0: Запрос от C# 2 (req_id=1): {"lua_error":"Order not found: TQBR|123456789","createdTime":1773946628477,"id":1,"cmd":"lua_error"}
2026-03-19 21:57:08.350 LOG 1: После dispatch: cmd=lua_error, data тип=nil, data=[]
2026-03-19 22:03:08.050 LOG 0: Detected Quik version: 1208, script path: C:\Programming\QuikSharp\lua
2026-03-19 22:03:08.100 LOG 1: Shared memory IPC (variant 2) initialized
2026-03-19 22:03:08.150 LOG 1: QUIK# connected via shared memory (variant 2)
2026-03-19 22:03:13.100 LOG 0: Запрос от C# 1 (req_id=1): {"id":1,"createdTime":1773946993263,"cmd":"getClassesList","data":{"createdTime":1773946993254,"cmd":"getClassesList","data":""}}
2026-03-19 22:03:13.150 LOG 0: Р’С‹Р·РѕРІ getClassesList, req_id=?
2026-03-19 22:03:13.200 LOG 3: no error 1: getClassesList
2026-03-19 22:03:13.250 LOG 0: Запрос от C# 2 (req_id=1): {"createdTime":1773946993263,"cmd":"getClassesList","id":1,"data":"TQTE,TQCB,TQOE,TQRD,TQUD,TQED,FQBR,SPBFUT,SPBOPT,USDRUB,OPTSPOT,OPTCURNCY,OPTCOMDTY,OPTIDX,RTSIDX,EQRP_INFO,FUTCLT,SPBXM,SPBDE,SPBEQRU,SPBRU,SPBRUBND,SPBRU_USD,PSSPBRUBNDDO,REPORT,REPORTFORTS,VTB_OTC,CROSSRATE,QT_BN,INDX,TQIF_HOL,TQTF_HOL,TQTF_W_HOL,UP,CETS,CETS_MTL,TQFD,TQFE,OCTR,TQTY,MTQR,SMAL,TQBR,TQOB,TQIF,TQTF,TQTF_W,TQBD,TQTD,TQOD,TQOY,TQTF_F_HOL,EES_OTC,TQTF_F,SMS,ALGO_ICEBERG,ALGO_VOLATIL,ALGO_TWAP,ALGO_VWAP,ALGO_GTD,MPAU,PSAU_FREE,PSAU,PSSU,PSSU_YAD,PACY,QT_EQ,"}
2026-03-19 22:03:13.300 LOG 1: После dispatch: cmd=getClassesList, data тип=string, data="TQTE,TQCB,TQOE,TQRD,TQUD,TQED,FQBR,SPBFUT,SPBOPT,USDRUB,OPTSPOT,OPTCURNCY,OPTCOMDTY,OPTIDX,RTSIDX,EQRP_INFO,FUTCLT,SPBXM,SPBDE,SPBEQRU,SPBRU,SPBRUBND,SPBRU_USD,PSSPBRUBNDDO,REPORT,REPORTFORTS,VTB_OTC,CROSSRATE,QT_BN,INDX,TQIF_HOL,TQTF_HOL,TQTF_W_HOL,UP,CETS,CETS_MTL,TQFD,TQFE,OCTR,TQTY,MTQR,SMAL,TQBR,TQOB,TQIF,TQTF,TQTF_W,TQBD,TQTD,TQOD,TQOY,TQTF_F_HOL,EES_OTC,TQTF_F,SMS,ALGO_ICEBERG,ALGO_VOLATIL,ALGO_TWAP,ALGO_VWAP,ALGO_GTD,MPAU,PSAU_FREE,PSAU,PSSU,PSSU_YAD,PACY,QT_EQ,"
2026-03-19 22:03:15.150 LOG 0: Запрос от C# 1 (req_id=1): {"id":1,"createdTime":1773946995674,"cmd":"get_order_by_number","data":{"createdTime":1773946995674,"cmd":"get_order_by_number","data":"TQBR|123456789"}}
2026-03-19 22:03:15.200 LOG 3: get_order_by_number: order TQBR|123456789 not found
2026-03-19 22:03:15.250 LOG 3: no error 1: get_order_by_number
2026-03-19 22:03:15.300 LOG 0: Запрос от C# 2 (req_id=1): {"createdTime":1773946995674,"cmd":"get_order_by_number","id":1,"data":{"createdTime":1773946995674,"cmd":"lua_error","data":"Order not found: TQBR|123456789"}}
2026-03-19 22:03:15.350 LOG 1: После dispatch: cmd=get_order_by_number, data тип=table, data={"createdTime":1773946995674,"cmd":"lua_error","data":"Order not found: TQBR|123456789"}
2026-03-19 22:06:33.050 LOG 0: Detected Quik version: 1208, script path: C:\Programming\QuikSharp\lua
2026-03-19 22:06:33.100 LOG 1: Shared memory IPC (variant 2) initialized
2026-03-19 22:06:33.150 LOG 1: QUIK# connected via shared memory (variant 2)
2026-03-19 22:06:37.050 LOG 0: Запрос от C# 1 (req_id=1): {"cmd":"getClassesList","createdTime":1773947196989,"id":1,"data":{"cmd":"getClassesList","createdTime":1773947196983,"data":""}}
2026-03-19 22:06:37.100 LOG 0: Р’С‹Р·РѕРІ getClassesList, req_id=?
2026-03-19 22:06:37.150 LOG 3: no error 1: getClassesList
2026-03-19 22:06:37.200 LOG 0: Запрос от C# 2 (req_id=1): {"createdTime":1773947196989,"data":"TQTE,TQCB,TQOE,TQRD,TQUD,TQED,FQBR,SPBFUT,SPBOPT,USDRUB,OPTSPOT,OPTCURNCY,OPTCOMDTY,OPTIDX,RTSIDX,EQRP_INFO,FUTCLT,SPBXM,SPBDE,SPBEQRU,SPBRU,SPBRUBND,SPBRU_USD,PSSPBRUBNDDO,REPORT,REPORTFORTS,VTB_OTC,CROSSRATE,QT_BN,INDX,TQIF_HOL,TQTF_HOL,TQTF_W_HOL,UP,CETS,CETS_MTL,TQFD,TQFE,OCTR,TQTY,MTQR,SMAL,TQBR,TQOB,TQIF,TQTF,TQTF_W,TQBD,TQTD,TQOD,TQOY,TQTF_F_HOL,EES_OTC,TQTF_F,SMS,ALGO_ICEBERG,ALGO_VOLATIL,ALGO_TWAP,ALGO_VWAP,ALGO_GTD,MPAU,PSAU_FREE,PSAU,PSSU,PSSU_YAD,PACY,QT_EQ,","id":1,"cmd":"getClassesList"}
2026-03-19 22:06:37.250 LOG 1: После dispatch: cmd=getClassesList, data тип=string, data="TQTE,TQCB,TQOE,TQRD,TQUD,TQED,FQBR,SPBFUT,SPBOPT,USDRUB,OPTSPOT,OPTCURNCY,OPTCOMDTY,OPTIDX,RTSIDX,EQRP_INFO,FUTCLT,SPBXM,SPBDE,SPBEQRU,SPBRU,SPBRUBND,SPBRU_USD,PSSPBRUBNDDO,REPORT,REPORTFORTS,VTB_OTC,CROSSRATE,QT_BN,INDX,TQIF_HOL,TQTF_HOL,TQTF_W_HOL,UP,CETS,CETS_MTL,TQFD,TQFE,OCTR,TQTY,MTQR,SMAL,TQBR,TQOB,TQIF,TQTF,TQTF_W,TQBD,TQTD,TQOD,TQOY,TQTF_F_HOL,EES_OTC,TQTF_F,SMS,ALGO_ICEBERG,ALGO_VOLATIL,ALGO_TWAP,ALGO_VWAP,ALGO_GTD,MPAU,PSAU_FREE,PSAU,PSSU,PSSU_YAD,PACY,QT_EQ,"
2026-03-19 22:06:39.050 LOG 0: Запрос от C# 1 (req_id=1): {"cmd":"get_order_by_number","createdTime":1773947199104,"id":1,"data":{"cmd":"get_order_by_number","createdTime":1773947199104,"data":"TQBR|123456789"}}
2026-03-19 22:06:39.100 LOG 3: get_order_by_number: order TQBR|123456789 not found
2026-03-19 22:06:39.150 LOG 3: no error 1: get_order_by_number
2026-03-19 22:06:39.200 LOG 0: Запрос от C# 2 (req_id=1): {"createdTime":1773947199104,"data":"Order not found: TQBR|123456789","id":1,"cmd":"get_order_by_number"}
2026-03-19 22:06:39.250 LOG 1: После dispatch: cmd=get_order_by_number, data тип=string, data="Order not found: TQBR|123456789"
2026-03-19 22:08:06.100 LOG 0: Запрос от C# 1 (req_id=1): {"cmd":"getClassesList","createdTime":1773947285933,"id":1,"data":{"cmd":"getClassesList","createdTime":1773947285924,"data":""}}
2026-03-19 22:08:06.150 LOG 0: Р’С‹Р·РѕРІ getClassesList, req_id=?
2026-03-19 22:08:06.200 LOG 3: no error 1: getClassesList
2026-03-19 22:08:06.250 LOG 0: Запрос от C# 2 (req_id=1): {"createdTime":1773947285933,"data":"TQTE,TQCB,TQOE,TQRD,TQUD,TQED,FQBR,SPBFUT,SPBOPT,USDRUB,OPTSPOT,OPTCURNCY,OPTCOMDTY,OPTIDX,RTSIDX,EQRP_INFO,FUTCLT,SPBXM,SPBDE,SPBEQRU,SPBRU,SPBRUBND,SPBRU_USD,PSSPBRUBNDDO,REPORT,REPORTFORTS,VTB_OTC,CROSSRATE,QT_BN,INDX,TQIF_HOL,TQTF_HOL,TQTF_W_HOL,UP,CETS,CETS_MTL,TQFD,TQFE,OCTR,TQTY,MTQR,SMAL,TQBR,TQOB,TQIF,TQTF,TQTF_W,TQBD,TQTD,TQOD,TQOY,TQTF_F_HOL,EES_OTC,TQTF_F,SMS,ALGO_ICEBERG,ALGO_VOLATIL,ALGO_TWAP,ALGO_VWAP,ALGO_GTD,MPAU,PSAU_FREE,PSAU,PSSU,PSSU_YAD,PACY,QT_EQ,","id":1,"cmd":"getClassesList"}
2026-03-19 22:08:06.300 LOG 1: После dispatch: cmd=getClassesList, data тип=string, data="TQTE,TQCB,TQOE,TQRD,TQUD,TQED,FQBR,SPBFUT,SPBOPT,USDRUB,OPTSPOT,OPTCURNCY,OPTCOMDTY,OPTIDX,RTSIDX,EQRP_INFO,FUTCLT,SPBXM,SPBDE,SPBEQRU,SPBRU,SPBRUBND,SPBRU_USD,PSSPBRUBNDDO,REPORT,REPORTFORTS,VTB_OTC,CROSSRATE,QT_BN,INDX,TQIF_HOL,TQTF_HOL,TQTF_W_HOL,UP,CETS,CETS_MTL,TQFD,TQFE,OCTR,TQTY,MTQR,SMAL,TQBR,TQOB,TQIF,TQTF,TQTF_W,TQBD,TQTD,TQOD,TQOY,TQTF_F_HOL,EES_OTC,TQTF_F,SMS,ALGO_ICEBERG,ALGO_VOLATIL,ALGO_TWAP,ALGO_VWAP,ALGO_GTD,MPAU,PSAU_FREE,PSAU,PSSU,PSSU_YAD,PACY,QT_EQ,"
2026-03-19 22:08:35.150 LOG 0: Запрос от C# 1 (req_id=1): {"cmd":"get_order_by_number","createdTime":1773947299084,"id":1,"data":{"cmd":"get_order_by_number","createdTime":1773947295514,"data":"TQBR|123456789"}}
2026-03-19 22:08:35.200 LOG 3: get_order_by_number: order TQBR|123456789 not found
2026-03-19 22:08:35.250 LOG 3: no error 1: get_order_by_number
2026-03-19 22:08:35.300 LOG 0: Запрос от C# 2 (req_id=1): {"createdTime":1773947299084,"data":"Order not found: TQBR|123456789","id":1,"cmd":"get_order_by_number"}
2026-03-19 22:08:35.350 LOG 1: После dispatch: cmd=get_order_by_number, data тип=string, data="Order not found: TQBR|123456789"
2026-03-19 22:09:03.150 LOG 0: Запрос от C# 1 (req_id=1): {"cmd":"getClassesList","createdTime":1773947343381,"id":1,"data":{"cmd":"getClassesList","createdTime":1773947343373,"data":""}}
2026-03-19 22:09:03.200 LOG 0: Р’С‹Р·РѕРІ getClassesList, req_id=?
2026-03-19 22:09:03.250 LOG 3: no error 1: getClassesList
2026-03-19 22:09:03.300 LOG 0: Запрос от C# 2 (req_id=1): {"createdTime":1773947343381,"data":"TQTE,TQCB,TQOE,TQRD,TQUD,TQED,FQBR,SPBFUT,SPBOPT,USDRUB,OPTSPOT,OPTCURNCY,OPTCOMDTY,OPTIDX,RTSIDX,EQRP_INFO,FUTCLT,SPBXM,SPBDE,SPBEQRU,SPBRU,SPBRUBND,SPBRU_USD,PSSPBRUBNDDO,REPORT,REPORTFORTS,VTB_OTC,CROSSRATE,QT_BN,INDX,TQIF_HOL,TQTF_HOL,TQTF_W_HOL,UP,CETS,CETS_MTL,TQFD,TQFE,OCTR,TQTY,MTQR,SMAL,TQBR,TQOB,TQIF,TQTF,TQTF_W,TQBD,TQTD,TQOD,TQOY,TQTF_F_HOL,EES_OTC,TQTF_F,SMS,ALGO_ICEBERG,ALGO_VOLATIL,ALGO_TWAP,ALGO_VWAP,ALGO_GTD,MPAU,PSAU_FREE,PSAU,PSSU,PSSU_YAD,PACY,QT_EQ,","id":1,"cmd":"getClassesList"}
2026-03-19 22:09:03.350 LOG 1: После dispatch: cmd=getClassesList, data тип=string, data="TQTE,TQCB,TQOE,TQRD,TQUD,TQED,FQBR,SPBFUT,SPBOPT,USDRUB,OPTSPOT,OPTCURNCY,OPTCOMDTY,OPTIDX,RTSIDX,EQRP_INFO,FUTCLT,SPBXM,SPBDE,SPBEQRU,SPBRU,SPBRUBND,SPBRU_USD,PSSPBRUBNDDO,REPORT,REPORTFORTS,VTB_OTC,CROSSRATE,QT_BN,INDX,TQIF_HOL,TQTF_HOL,TQTF_W_HOL,UP,CETS,CETS_MTL,TQFD,TQFE,OCTR,TQTY,MTQR,SMAL,TQBR,TQOB,TQIF,TQTF,TQTF_W,TQBD,TQTD,TQOD,TQOY,TQTF_F_HOL,EES_OTC,TQTF_F,SMS,ALGO_ICEBERG,ALGO_VOLATIL,ALGO_TWAP,ALGO_VWAP,ALGO_GTD,MPAU,PSAU_FREE,PSAU,PSSU,PSSU_YAD,PACY,QT_EQ,"
2026-03-19 22:09:18.050 LOG 0: Запрос от C# 1 (req_id=1): {"cmd":"get_order_by_number","createdTime":1773947358439,"id":1,"data":{"cmd":"get_order_by_number","createdTime":1773947358439,"data":"TQBR|123456789"}}
2026-03-19 22:09:18.100 LOG 3: get_order_by_number: order TQBR|123456789 not found
2026-03-19 22:09:18.150 LOG 3: no error 1: get_order_by_number
2026-03-19 22:09:18.200 LOG 0: Запрос от C# 2 (req_id=1): {"createdTime":1773947358439,"data":"Order not found: TQBR|123456789","id":1,"cmd":"get_order_by_number"}
2026-03-19 22:09:18.250 LOG 1: После dispatch: cmd=get_order_by_number, data тип=string, data="Order not found: TQBR|123456789"
2026-03-19 22:10:31.400 LOG 0: Запрос от C# 1 (req_id=1): {"cmd":"Subscribe_Level_II_Quotes","createdTime":1773947431489,"id":1,"data":{"cmd":"Subscribe_Level_II_Quotes","createdTime":1773947431482,"data":"SPBFUT|RIH6"}}
2026-03-19 22:10:31.450 LOG 1: Subscribe_Level_II_Quotes called | raw data: SPBFUT|RIH6
2026-03-19 22:10:31.500 LOG 1: РџРѕРґРїРёСЃРєР° Level II: class=SPBFUT, sec=RIH6
2026-03-19 22:10:31.550 LOG 3: no error 1: Subscribe_Level_II_Quotes
2026-03-19 22:10:31.600 LOG 0: Запрос от C# 2 (req_id=1): {"createdTime":1773947431489,"data":true,"id":1,"cmd":"Subscribe_Level_II_Quotes"}
2026-03-19 22:10:31.650 LOG 1: После dispatch: cmd=Subscribe_Level_II_Quotes, data тип=boolean, data=true
2026-03-19 22:11:06.250 LOG 0: Запрос от C# 1 (req_id=1): {"cmd":"getClassesList","createdTime":1773947466894,"id":1,"data":{"cmd":"getClassesList","createdTime":1773947466888,"data":""}}
2026-03-19 22:11:06.300 LOG 0: Р’С‹Р·РѕРІ getClassesList, req_id=?
2026-03-19 22:11:06.350 LOG 3: no error 1: getClassesList
2026-03-19 22:11:06.400 LOG 0: Запрос от C# 2 (req_id=1): {"createdTime":1773947466894,"data":"TQTE,TQCB,TQOE,TQRD,TQUD,TQED,FQBR,SPBFUT,SPBOPT,USDRUB,OPTSPOT,OPTCURNCY,OPTCOMDTY,OPTIDX,RTSIDX,EQRP_INFO,FUTCLT,SPBXM,SPBDE,SPBEQRU,SPBRU,SPBRUBND,SPBRU_USD,PSSPBRUBNDDO,REPORT,REPORTFORTS,VTB_OTC,CROSSRATE,QT_BN,INDX,TQIF_HOL,TQTF_HOL,TQTF_W_HOL,UP,CETS,CETS_MTL,TQFD,TQFE,OCTR,TQTY,MTQR,SMAL,TQBR,TQOB,TQIF,TQTF,TQTF_W,TQBD,TQTD,TQOD,TQOY,TQTF_F_HOL,EES_OTC,TQTF_F,SMS,ALGO_ICEBERG,ALGO_VOLATIL,ALGO_TWAP,ALGO_VWAP,ALGO_GTD,MPAU,PSAU_FREE,PSAU,PSSU,PSSU_YAD,PACY,QT_EQ,","id":1,"cmd":"getClassesList"}
2026-03-19 22:11:06.450 LOG 1: После dispatch: cmd=getClassesList, data тип=string, data="TQTE,TQCB,TQOE,TQRD,TQUD,TQED,FQBR,SPBFUT,SPBOPT,USDRUB,OPTSPOT,OPTCURNCY,OPTCOMDTY,OPTIDX,RTSIDX,EQRP_INFO,FUTCLT,SPBXM,SPBDE,SPBEQRU,SPBRU,SPBRUBND,SPBRU_USD,PSSPBRUBNDDO,REPORT,REPORTFORTS,VTB_OTC,CROSSRATE,QT_BN,INDX,TQIF_HOL,TQTF_HOL,TQTF_W_HOL,UP,CETS,CETS_MTL,TQFD,TQFE,OCTR,TQTY,MTQR,SMAL,TQBR,TQOB,TQIF,TQTF,TQTF_W,TQBD,TQTD,TQOD,TQOY,TQTF_F_HOL,EES_OTC,TQTF_F,SMS,ALGO_ICEBERG,ALGO_VOLATIL,ALGO_TWAP,ALGO_VWAP,ALGO_GTD,MPAU,PSAU_FREE,PSAU,PSSU,PSSU_YAD,PACY,QT_EQ,"
2026-03-19 22:12:52.050 LOG 0: Запрос от C# 1 (req_id=1): {"cmd":"getClassesList","createdTime":1773947572717,"id":1,"data":{"cmd":"getClassesList","createdTime":1773947572715,"data":""}}
2026-03-19 22:12:52.100 LOG 0: Р’С‹Р·РѕРІ getClassesList, req_id=?
2026-03-19 22:12:52.150 LOG 3: no error 1: getClassesList
2026-03-19 22:12:52.200 LOG 0: Запрос от C# 2 (req_id=1): {"createdTime":1773947572717,"data":"TQTE,TQCB,TQOE,TQRD,TQUD,TQED,FQBR,SPBFUT,SPBOPT,USDRUB,OPTSPOT,OPTCURNCY,OPTCOMDTY,OPTIDX,RTSIDX,EQRP_INFO,FUTCLT,SPBXM,SPBDE,SPBEQRU,SPBRU,SPBRUBND,SPBRU_USD,PSSPBRUBNDDO,REPORT,REPORTFORTS,VTB_OTC,CROSSRATE,QT_BN,INDX,TQIF_HOL,TQTF_HOL,TQTF_W_HOL,UP,CETS,CETS_MTL,TQFD,TQFE,OCTR,TQTY,MTQR,SMAL,TQBR,TQOB,TQIF,TQTF,TQTF_W,TQBD,TQTD,TQOD,TQOY,TQTF_F_HOL,EES_OTC,TQTF_F,SMS,ALGO_ICEBERG,ALGO_VOLATIL,ALGO_TWAP,ALGO_VWAP,ALGO_GTD,MPAU,PSAU_FREE,PSAU,PSSU,PSSU_YAD,PACY,QT_EQ,","id":1,"cmd":"getClassesList"}
2026-03-19 22:12:52.250 LOG 1: После dispatch: cmd=getClassesList, data тип=string, data="TQTE,TQCB,TQOE,TQRD,TQUD,TQED,FQBR,SPBFUT,SPBOPT,USDRUB,OPTSPOT,OPTCURNCY,OPTCOMDTY,OPTIDX,RTSIDX,EQRP_INFO,FUTCLT,SPBXM,SPBDE,SPBEQRU,SPBRU,SPBRUBND,SPBRU_USD,PSSPBRUBNDDO,REPORT,REPORTFORTS,VTB_OTC,CROSSRATE,QT_BN,INDX,TQIF_HOL,TQTF_HOL,TQTF_W_HOL,UP,CETS,CETS_MTL,TQFD,TQFE,OCTR,TQTY,MTQR,SMAL,TQBR,TQOB,TQIF,TQTF,TQTF_W,TQBD,TQTD,TQOD,TQOY,TQTF_F_HOL,EES_OTC,TQTF_F,SMS,ALGO_ICEBERG,ALGO_VOLATIL,ALGO_TWAP,ALGO_VWAP,ALGO_GTD,MPAU,PSAU_FREE,PSAU,PSSU,PSSU_YAD,PACY,QT_EQ,"
2026-03-19 22:13:18.050 LOG 0: Запрос от C# 1 (req_id=1): {"cmd":"get_order_by_number","createdTime":1773947598470,"id":1,"data":{"cmd":"get_order_by_number","createdTime":1773947598470,"data":"TQBR|123456789"}}
2026-03-19 22:13:18.100 LOG 3: get_order_by_number: order TQBR|123456789 not found
2026-03-19 22:13:18.150 LOG 3: no error 1: get_order_by_number
2026-03-19 22:13:18.200 LOG 0: Запрос от C# 2 (req_id=1): {"createdTime":1773947598470,"data":"Order not found: TQBR|123456789","id":1,"cmd":"get_order_by_number"}
2026-03-19 22:13:18.250 LOG 1: После dispatch: cmd=get_order_by_number, data тип=string, data="Order not found: TQBR|123456789"
2026-03-19 22:13:42.050 LOG 0: Запрос от C# 1 (req_id=1): {"cmd":"getClassesList","createdTime":1773947621984,"id":1,"data":{"cmd":"getClassesList","createdTime":1773947621981,"data":""}}
2026-03-19 22:13:42.100 LOG 0: Р’С‹Р·РѕРІ getClassesList, req_id=?
2026-03-19 22:13:42.150 LOG 3: no error 1: getClassesList
2026-03-19 22:13:42.200 LOG 0: Запрос от C# 2 (req_id=1): {"createdTime":1773947621984,"data":"TQTE,TQCB,TQOE,TQRD,TQUD,TQED,FQBR,SPBFUT,SPBOPT,USDRUB,OPTSPOT,OPTCURNCY,OPTCOMDTY,OPTIDX,RTSIDX,EQRP_INFO,FUTCLT,SPBXM,SPBDE,SPBEQRU,SPBRU,SPBRUBND,SPBRU_USD,PSSPBRUBNDDO,REPORT,REPORTFORTS,VTB_OTC,CROSSRATE,QT_BN,INDX,TQIF_HOL,TQTF_HOL,TQTF_W_HOL,UP,CETS,CETS_MTL,TQFD,TQFE,OCTR,TQTY,MTQR,SMAL,TQBR,TQOB,TQIF,TQTF,TQTF_W,TQBD,TQTD,TQOD,TQOY,TQTF_F_HOL,EES_OTC,TQTF_F,SMS,ALGO_ICEBERG,ALGO_VOLATIL,ALGO_TWAP,ALGO_VWAP,ALGO_GTD,MPAU,PSAU_FREE,PSAU,PSSU,PSSU_YAD,PACY,QT_EQ,","id":1,"cmd":"getClassesList"}
2026-03-19 22:13:42.250 LOG 1: После dispatch: cmd=getClassesList, data тип=string, data="TQTE,TQCB,TQOE,TQRD,TQUD,TQED,FQBR,SPBFUT,SPBOPT,USDRUB,OPTSPOT,OPTCURNCY,OPTCOMDTY,OPTIDX,RTSIDX,EQRP_INFO,FUTCLT,SPBXM,SPBDE,SPBEQRU,SPBRU,SPBRUBND,SPBRU_USD,PSSPBRUBNDDO,REPORT,REPORTFORTS,VTB_OTC,CROSSRATE,QT_BN,INDX,TQIF_HOL,TQTF_HOL,TQTF_W_HOL,UP,CETS,CETS_MTL,TQFD,TQFE,OCTR,TQTY,MTQR,SMAL,TQBR,TQOB,TQIF,TQTF,TQTF_W,TQBD,TQTD,TQOD,TQOY,TQTF_F_HOL,EES_OTC,TQTF_F,SMS,ALGO_ICEBERG,ALGO_VOLATIL,ALGO_TWAP,ALGO_VWAP,ALGO_GTD,MPAU,PSAU_FREE,PSAU,PSSU,PSSU_YAD,PACY,QT_EQ,"
2026-03-19 22:14:02.050 LOG 0: Запрос от C# 1 (req_id=1): {"cmd":"get_order_by_number","createdTime":1773947642056,"id":1,"data":{"cmd":"get_order_by_number","createdTime":1773947642056,"data":"TQBR|123456789"}}
2026-03-19 22:14:02.100 LOG 3: get_order_by_number: order TQBR|123456789 not found
2026-03-19 22:14:02.150 LOG 3: no error 1: get_order_by_number
2026-03-19 22:14:02.200 LOG 0: Запрос от C# 2 (req_id=1): {"createdTime":1773947642056,"data":"Order not found: TQBR|123456789","id":1,"cmd":"get_order_by_number"}
2026-03-19 22:14:02.250 LOG 1: После dispatch: cmd=get_order_by_number, data тип=string, data="Order not found: TQBR|123456789"
2026-03-19 22:15:17.050 LOG 0: Запрос от C# 1 (req_id=1): {"cmd":"getClassesList","createdTime":1773947717303,"id":1,"data":{"cmd":"getClassesList","createdTime":1773947717302,"data":""}}
2026-03-19 22:15:17.100 LOG 0: Р’С‹Р·РѕРІ getClassesList, req_id=?
2026-03-19 22:15:17.150 LOG 3: no error 1: getClassesList
2026-03-19 22:15:17.200 LOG 0: Запрос от C# 2 (req_id=1): {"createdTime":1773947717303,"data":"TQTE,TQCB,TQOE,TQRD,TQUD,TQED,FQBR,SPBFUT,SPBOPT,USDRUB,OPTSPOT,OPTCURNCY,OPTCOMDTY,OPTIDX,RTSIDX,EQRP_INFO,FUTCLT,SPBXM,SPBDE,SPBEQRU,SPBRU,SPBRUBND,SPBRU_USD,PSSPBRUBNDDO,REPORT,REPORTFORTS,VTB_OTC,CROSSRATE,QT_BN,INDX,TQIF_HOL,TQTF_HOL,TQTF_W_HOL,UP,CETS,CETS_MTL,TQFD,TQFE,OCTR,TQTY,MTQR,SMAL,TQBR,TQOB,TQIF,TQTF,TQTF_W,TQBD,TQTD,TQOD,TQOY,TQTF_F_HOL,EES_OTC,TQTF_F,SMS,ALGO_ICEBERG,ALGO_VOLATIL,ALGO_TWAP,ALGO_VWAP,ALGO_GTD,MPAU,PSAU_FREE,PSAU,PSSU,PSSU_YAD,PACY,QT_EQ,","id":1,"cmd":"getClassesList"}
2026-03-19 22:15:17.250 LOG 1: После dispatch: cmd=getClassesList, data тип=string, data="TQTE,TQCB,TQOE,TQRD,TQUD,TQED,FQBR,SPBFUT,SPBOPT,USDRUB,OPTSPOT,OPTCURNCY,OPTCOMDTY,OPTIDX,RTSIDX,EQRP_INFO,FUTCLT,SPBXM,SPBDE,SPBEQRU,SPBRU,SPBRUBND,SPBRU_USD,PSSPBRUBNDDO,REPORT,REPORTFORTS,VTB_OTC,CROSSRATE,QT_BN,INDX,TQIF_HOL,TQTF_HOL,TQTF_W_HOL,UP,CETS,CETS_MTL,TQFD,TQFE,OCTR,TQTY,MTQR,SMAL,TQBR,TQOB,TQIF,TQTF,TQTF_W,TQBD,TQTD,TQOD,TQOY,TQTF_F_HOL,EES_OTC,TQTF_F,SMS,ALGO_ICEBERG,ALGO_VOLATIL,ALGO_TWAP,ALGO_VWAP,ALGO_GTD,MPAU,PSAU_FREE,PSAU,PSSU,PSSU_YAD,PACY,QT_EQ,"
