2026-03-29 21:58:28.050 LOG 0: Detected Quik version: 1208, script path: C:\Programming\QuikSharp\lua
2026-03-29 21:58:28.100 LOG 1: Shared memory IPC (variant 2) initialized
2026-03-29 21:58:28.150 LOG 1: QUIK# connected via shared memory (variant 2)
2026-03-29 21:58:37.050 LOG 0: Запрос от C# 1 (req_id=1): {"createdTime":1774810717336,"cmd":"Subscribe_Level_II_Quotes","id":1,"data":{"cmd":"Subscribe_Level_II_Quotes","createdTime":1774810717333,"data":"SPBFUT|RIM6"}}
2026-03-29 21:58:37.100 LOG 1: Subscribe_Level_II_Quotes called | raw data: SPBFUT|RIM6
2026-03-29 21:58:37.150 LOG 1: Subscribe Level II: class=SPBFUT, sec=RIM6
2026-03-29 21:58:37.200 LOG 1: После dispatch: cmd=Subscribe_Level_II_Quotes, data тип=boolean
2026-03-29 22:00:58.050 LOG 0: Запрос от C# 1 (req_id=1): {"createdTime":1774810858214,"cmd":"Subscribe_Level_II_Quotes","id":1,"data":{"cmd":"Subscribe_Level_II_Quotes","createdTime":1774810858210,"data":"SPBFUT|RIM6"}}
2026-03-29 22:00:58.100 LOG 1: Subscribe_Level_II_Quotes called | raw data: SPBFUT|RIM6
2026-03-29 22:00:58.150 LOG 1: Subscribe Level II: class=SPBFUT, sec=RIM6
2026-03-29 22:00:58.200 LOG 1: После dispatch: cmd=Subscribe_Level_II_Quotes, data тип=boolean
2026-03-29 22:02:04.050 LOG 0: Detected Quik version: 1208, script path: C:\Programming\QuikSharp\lua
2026-03-29 22:02:04.100 LOG 1: Shared memory IPC (variant 2) initialized
2026-03-29 22:02:04.150 LOG 1: QUIK# connected via shared memory (variant 2)
2026-03-29 22:02:13.050 LOG 0: Запрос от C# 1 (req_id=1): {"cmd":"Subscribe_Level_II_Quotes","createdTime":1774810933366,"id":1,"data":{"createdTime":1774810933363,"cmd":"Subscribe_Level_II_Quotes","data":"SPBFUT|RIM6"}}
2026-03-29 22:02:13.100 LOG 1: Subscribe_Level_II_Quotes called | raw data: SPBFUT|RIM6
2026-03-29 22:02:13.150 LOG 1: Subscribe Level II: class=SPBFUT, sec=RIM6
2026-03-29 22:02:13.200 LOG 1: После dispatch: cmd=Subscribe_Level_II_Quotes, data тип=boolean
2026-03-29 22:05:16.050 LOG 0: Запрос от C# 1 (req_id=1): {"cmd":"Subscribe_Level_II_Quotes","createdTime":1774811116477,"id":1,"data":{"createdTime":1774811116475,"cmd":"Subscribe_Level_II_Quotes","data":"SPBFUT|RIM6"}}
2026-03-29 22:05:16.100 LOG 1: Subscribe_Level_II_Quotes called | raw data: SPBFUT|RIM6
2026-03-29 22:05:16.150 LOG 1: Subscribe Level II: class=SPBFUT, sec=RIM6
2026-03-29 22:05:16.200 LOG 1: После dispatch: cmd=Subscribe_Level_II_Quotes, data тип=boolean
2026-03-29 22:07:28.050 LOG 0: Запрос от C# 1 (req_id=1): {"t":1774811248713,"cmd":"Subscribe_Level_II_Quotes","id":1,"data":{"t":1774811248710,"cmd":"Subscribe_Level_II_Quotes","data":"SPBFUT|RIM6"}}
2026-03-29 22:07:28.100 LOG 1: Subscribe_Level_II_Quotes called | raw data: SPBFUT|RIM6
2026-03-29 22:07:28.150 LOG 1: Subscribe Level II: class=SPBFUT, sec=RIM6
2026-03-29 22:07:28.200 LOG 1: После dispatch: cmd=Subscribe_Level_II_Quotes, data тип=boolean
2026-03-29 22:14:19.050 LOG 0: Detected Quik version: 1208, script path: C:\Programming\QuikSharp\lua
2026-03-29 22:14:19.100 LOG 1: Shared memory IPC (variant 2) initialized
2026-03-29 22:14:19.150 LOG 1: QUIK# connected via shared memory (variant 2)
2026-03-29 22:14:27.050 LOG 0: Запрос от C# 1 (req_id=1): {"data":{"data":"SPBFUT|RIM6","t":1774811667604,"cmd":"Subscribe_Level_II_Quotes"},"t":1774811667606,"cmd":"Subscribe_Level_II_Quotes","id":1}
2026-03-29 22:14:27.100 LOG 1: Subscribe_Level_II_Quotes called | raw data: SPBFUT|RIM6
2026-03-29 22:14:27.150 LOG 1: Subscribe Level II: class=SPBFUT, sec=RIM6
2026-03-29 22:14:27.200 LOG 1: После dispatch: cmd=Subscribe_Level_II_Quotes, data тип=boolean
2026-03-29 22:17:42.050 LOG 0: Запрос от C# 1 (req_id=1): {"data":{"data":"SPBFUT|RIM6","t":1774811862368,"cmd":"Subscribe_Level_II_Quotes"},"t":1774811862370,"cmd":"Subscribe_Level_II_Quotes","id":1}
2026-03-29 22:17:42.100 LOG 1: Subscribe_Level_II_Quotes called | raw data: SPBFUT|RIM6
2026-03-29 22:17:42.150 LOG 1: Subscribe Level II: class=SPBFUT, sec=RIM6
2026-03-29 22:17:42.200 LOG 1: После dispatch: cmd=Subscribe_Level_II_Quotes, data тип=boolean
2026-03-29 22:21:31.050 LOG 0: Запрос от C# 1 (req_id=1): {"data":{"data":"SPBFUT|RIM6","t":1774812091301,"cmd":"Subscribe_Level_II_Quotes"},"t":1774812091303,"cmd":"Subscribe_Level_II_Quotes","id":1}
2026-03-29 22:21:31.100 LOG 1: Subscribe_Level_II_Quotes called | raw data: SPBFUT|RIM6
2026-03-29 22:21:31.150 LOG 1: Subscribe Level II: class=SPBFUT, sec=RIM6
2026-03-29 22:21:31.200 LOG 1: После dispatch: cmd=Subscribe_Level_II_Quotes, data тип=boolean
2026-03-29 22:23:12.050 LOG 0: Запрос от C# 1 (req_id=1): {"data":{"data":"SPBFUT|RIM6","t":1774812192397,"cmd":"Subscribe_Level_II_Quotes"},"t":1774812192399,"cmd":"Subscribe_Level_II_Quotes","id":1}
2026-03-29 22:23:12.100 LOG 1: Subscribe_Level_II_Quotes called | raw data: SPBFUT|RIM6
2026-03-29 22:23:12.150 LOG 1: Subscribe Level II: class=SPBFUT, sec=RIM6
2026-03-29 22:23:12.200 LOG 1: После dispatch: cmd=Subscribe_Level_II_Quotes, data тип=boolean
2026-03-29 22:25:18.050 LOG 0: Запрос от C# 1 (req_id=1): {"data":{"data":"SPBFUT|RIM6","t":1774812318126,"cmd":"Subscribe_Level_II_Quotes"},"t":1774812318129,"cmd":"Subscribe_Level_II_Quotes","id":1}
2026-03-29 22:25:18.100 LOG 1: Subscribe_Level_II_Quotes called | raw data: SPBFUT|RIM6
2026-03-29 22:25:18.150 LOG 1: Subscribe Level II: class=SPBFUT, sec=RIM6
2026-03-29 22:25:18.200 LOG 1: После dispatch: cmd=Subscribe_Level_II_Quotes, data тип=boolean
2026-03-29 22:26:23.050 LOG 0: Detected Quik version: 1208, script path: C:\Programming\QuikSharp\lua
2026-03-29 22:26:23.100 LOG 1: Shared memory IPC (variant 2) initialized
2026-03-29 22:26:23.150 LOG 1: QUIK# connected via shared memory (variant 2)
2026-03-29 22:26:30.050 LOG 0: Запрос от C# 1 (req_id=1): {"id":1,"data":{"data":"SPBFUT|RIM6","t":1774812390658,"cmd":"Subscribe_Level_II_Quotes"},"t":1774812390661,"cmd":"Subscribe_Level_II_Quotes"}
2026-03-29 22:26:30.100 LOG 1: Subscribe_Level_II_Quotes called | raw data: SPBFUT|RIM6
2026-03-29 22:26:30.150 LOG 1: Subscribe Level II: class=SPBFUT, sec=RIM6
2026-03-29 22:26:30.200 LOG 1: После dispatch: cmd=Subscribe_Level_II_Quotes, data тип=boolean
2026-03-29 22:28:24.050 LOG 0: Запрос от C# 1 (req_id=1): {"id":1,"data":{"data":"SPBFUT|RIM6","t":1774812504253,"cmd":"Subscribe_Level_II_Quotes"},"t":1774812504255,"cmd":"Subscribe_Level_II_Quotes"}
2026-03-29 22:28:24.100 LOG 1: Subscribe_Level_II_Quotes called | raw data: SPBFUT|RIM6
2026-03-29 22:28:24.150 LOG 1: Subscribe Level II: class=SPBFUT, sec=RIM6
2026-03-29 22:28:24.200 LOG 1: После dispatch: cmd=Subscribe_Level_II_Quotes, data тип=boolean
2026-03-29 22:29:29.050 LOG 0: Запрос от C# 1 (req_id=1): {"id":1,"data":{"data":"SPBFUT|RIM6","t":1774812569509,"cmd":"Subscribe_Level_II_Quotes"},"t":1774812569519,"cmd":"Subscribe_Level_II_Quotes"}
2026-03-29 22:29:29.100 LOG 1: Subscribe_Level_II_Quotes called | raw data: SPBFUT|RIM6
2026-03-29 22:29:29.150 LOG 1: Subscribe Level II: class=SPBFUT, sec=RIM6
2026-03-29 22:29:29.200 LOG 1: После dispatch: cmd=Subscribe_Level_II_Quotes, data тип=boolean
2026-03-29 22:38:53.050 LOG 0: Запрос от C# 1 (req_id=1): {"id":1,"data":{"data":"SPBFUT|RIM6","t":1774813133445,"cmd":"Subscribe_Level_II_Quotes"},"t":1774813133447,"cmd":"Subscribe_Level_II_Quotes"}
2026-03-29 22:38:53.100 LOG 1: Subscribe_Level_II_Quotes called | raw data: SPBFUT|RIM6
2026-03-29 22:38:53.150 LOG 1: Subscribe Level II: class=SPBFUT, sec=RIM6
2026-03-29 22:38:53.200 LOG 1: После dispatch: cmd=Subscribe_Level_II_Quotes, data тип=boolean
2026-03-29 22:40:14.050 LOG 0: Запрос от C# 1 (req_id=1): {"id":1,"data":{"data":"SPBFUT|RIM6","t":1774813214206,"cmd":"Subscribe_Level_II_Quotes"},"t":1774813214207,"cmd":"Subscribe_Level_II_Quotes"}
2026-03-29 22:40:14.100 LOG 1: Subscribe_Level_II_Quotes called | raw data: SPBFUT|RIM6
2026-03-29 22:40:14.150 LOG 1: Subscribe Level II: class=SPBFUT, sec=RIM6
2026-03-29 22:40:14.200 LOG 1: После dispatch: cmd=Subscribe_Level_II_Quotes, data тип=boolean
