2026-03-18 00:01:27.050 LOG 0: Detected Quik version: 1208, script path: C:\Programming\QuikSharp\lua
2026-03-18 00:01:27.100 LOG 1: Shared memory IPC (variant 2) initialized
2026-03-18 00:01:27.150 LOG 1: QUIK# connected via shared memory (variant 2)
2026-03-18 00:01:33.050 LOG 0: Запрос от C# (req_id=1): {"id":1,"data":{"data":"TQBR|123456789","cmd":"get_order_by_number","createdTime":1773781293384},"cmd":"get_order_by_number","createdTime":1773781293394}
2026-03-18 00:01:33.100 LOG 3: get_order_by_number: Р·Р°СЏРІРєР° TQBR|123456789 РЅРµ РЅР°Р№РґРµРЅР°
2026-03-18 00:02:16.050 LOG 0: Detected Quik version: 1208, script path: C:\Programming\QuikSharp\lua
2026-03-18 00:02:16.100 LOG 1: Shared memory IPC (variant 2) initialized
2026-03-18 00:02:16.150 LOG 1: QUIK# connected via shared memory (variant 2)
2026-03-18 00:02:22.050 LOG 0: Запрос от C# (req_id=1): {"cmd":"get_order_by_number","createdTime":1773781341993,"id":1,"data":{"cmd":"get_order_by_number","createdTime":1773781341990,"data":"TQBR|123456789"}}
2026-03-18 00:02:22.100 LOG 3: get_order_by_number: Р·Р°СЏРІРєР° TQBR|123456789 РЅРµ РЅР°Р№РґРµРЅР°
2026-03-18 00:03:16.050 LOG 0: Detected Quik version: 1208, script path: C:\Programming\QuikSharp\lua
2026-03-18 00:03:16.100 LOG 1: Shared memory IPC (variant 2) initialized
2026-03-18 00:03:16.150 LOG 1: QUIK# connected via shared memory (variant 2)
2026-03-18 00:03:21.050 LOG 0: Запрос от C# (req_id=1): {"createdTime":1773781401719,"cmd":"get_order_by_number","id":1,"data":{"createdTime":1773781401714,"cmd":"get_order_by_number","data":"TQBR|123456789"}}
2026-03-18 00:03:21.100 LOG 3: get_order_by_number: Р·Р°СЏРІРєР° TQBR|123456789 РЅРµ РЅР°Р№РґРµРЅР°
2026-03-18 00:03:21.150 LOG 1: После dispatch req_id=1 cmd= lua_error, data тип=nil, data=[], lua_error: Order not found: TQBR|123456789
2026-03-18 00:04:26.050 LOG 0: Запрос от C# (req_id=1): {"createdTime":1773781466502,"cmd":"get_order_by_number","id":1,"data":{"createdTime":1773781466496,"cmd":"get_order_by_number","data":"TQBR|123456789"}}
2026-03-18 00:04:26.100 LOG 3: get_order_by_number: Р·Р°СЏРІРєР° TQBR|123456789 РЅРµ РЅР°Р№РґРµРЅР°
2026-03-18 00:04:26.150 LOG 1: После dispatch req_id=1 cmd= lua_error, data тип=nil, data=[], lua_error: Order not found: TQBR|123456789
2026-03-18 00:04:52.050 LOG 0: Запрос от C# (req_id=1): {"createdTime":1773781492083,"cmd":"get_order_by_number","id":1,"data":{"createdTime":1773781492079,"cmd":"get_order_by_number","data":"TQBR|123456789"}}
2026-03-18 00:04:52.100 LOG 3: get_order_by_number: Р·Р°СЏРІРєР° TQBR|123456789 РЅРµ РЅР°Р№РґРµРЅР°
2026-03-18 00:04:52.150 LOG 1: После dispatch req_id=1 cmd= lua_error, data тип=nil, data=[], lua_error: Order not found: TQBR|123456789
2026-03-18 00:06:18.050 LOG 0: Запрос от C# (req_id=1): {"createdTime":1773781561428,"cmd":"get_order_by_number","id":1,"data":{"createdTime":1773781560989,"cmd":"get_order_by_number","data":"TQBR|123456789"}}
2026-03-18 00:06:18.100 LOG 3: get_order_by_number: Р·Р°СЏРІРєР° TQBR|123456789 РЅРµ РЅР°Р№РґРµРЅР°
2026-03-18 00:06:18.150 LOG 1: После dispatch req_id=1 cmd= lua_error, data тип=nil, data=[], lua_error: Order not found: TQBR|123456789
2026-03-18 00:07:17.050 LOG 0: Запрос от C# (req_id=1): {"createdTime":1773781637427,"cmd":"Subscribe_Level_II_Quotes","id":1,"data":{"createdTime":1773781637425,"cmd":"Subscribe_Level_II_Quotes","data":"SPBFUT|RIH6"}}
2026-03-18 00:07:17.100 LOG 1: Subscribe_Level_II_Quotes called | raw data: SPBFUT|RIH6
2026-03-18 00:07:17.150 LOG 1: РџРѕРґРїРёСЃРєР° Level II: class=SPBFUT, sec=RIH6
2026-03-18 00:07:17.200 LOG 1: После dispatch req_id=1 cmd= Subscribe_Level_II_Quotes, data тип=boolean, data=true, lua_error: nil
2026-03-18 00:07:42.050 LOG 0: Запрос от C# (req_id=1): {"createdTime":1773781662568,"cmd":"get_order_by_number","id":1,"data":{"createdTime":1773781662562,"cmd":"get_order_by_number","data":"TQBR|123456789"}}
2026-03-18 00:07:42.100 LOG 3: get_order_by_number: Р·Р°СЏРІРєР° TQBR|123456789 РЅРµ РЅР°Р№РґРµРЅР°
2026-03-18 00:07:42.150 LOG 1: После dispatch req_id=1 cmd= lua_error, data тип=nil, data=[], lua_error: Order not found: TQBR|123456789
2026-03-18 00:09:17.050 LOG 0: Запрос от C# (req_id=1): {"createdTime":1773781747498,"cmd":"get_order_by_number","id":1,"data":{"createdTime":1773781747495,"cmd":"get_order_by_number","data":"TQBR|123456789"}}
2026-03-18 00:09:17.100 LOG 3: get_order_by_number: Р·Р°СЏРІРєР° TQBR|123456789 РЅРµ РЅР°Р№РґРµРЅР°
2026-03-18 00:09:17.150 LOG 1: После dispatch req_id=1 cmd= lua_error, data тип=nil, data=[], lua_error: Order not found: TQBR|123456789
2026-03-18 00:10:08.050 LOG 0: Запрос от C# (req_id=1): {"createdTime":1773781798847,"cmd":"get_order_by_number","id":1,"data":{"createdTime":1773781792879,"cmd":"get_order_by_number","data":"TQBR|123456789"}}
2026-03-18 00:10:08.100 LOG 3: get_order_by_number: Р·Р°СЏРІРєР° TQBR|123456789 РЅРµ РЅР°Р№РґРµРЅР°
2026-03-18 00:10:08.150 LOG 1: После dispatch req_id=1 cmd= lua_error, data тип=nil, data=[], lua_error: Order not found: TQBR|123456789
2026-03-18 00:10:56.050 LOG 0: Запрос от C# (req_id=1): {"createdTime":1773781855972,"cmd":"get_order_by_number","id":1,"data":{"createdTime":1773781855970,"cmd":"get_order_by_number","data":"TQBR|123456789"}}
2026-03-18 00:10:56.100 LOG 3: get_order_by_number: Р·Р°СЏРІРєР° TQBR|123456789 РЅРµ РЅР°Р№РґРµРЅР°
2026-03-18 00:10:56.150 LOG 1: После dispatch req_id=1 cmd= lua_error, data тип=nil, data=[], lua_error: Order not found: TQBR|123456789
2026-03-18 00:12:59.050 LOG 0: Запрос от C# (req_id=1): {"createdTime":1773781979539,"cmd":"getClassesList","id":1,"data":{"createdTime":1773781979537,"cmd":"getClassesList","data":""}}
2026-03-18 00:12:59.100 LOG 0: Р’С‹Р·РѕРІ getClassesList, req_id=?
2026-03-18 00:12:59.150 LOG 1: После dispatch req_id=1 cmd= getClassesList, data тип=string, data="TQTE,TQCB,TQOE,TQRD,TQUD,TQED,FQBR,SPBFUT,SPBOPT,USDRUB,OPTSPOT,OPTCURNCY,OPTCOMDTY,OPTIDX,RTSIDX,EQRP_INFO,FUTCLT,SPBXM,SPBDE,SPBEQRU,SPBRU,SPBRUBND,SPBRU_USD,PSSPBRUBNDDO,REPORT,REPORTFORTS,VTB_OTC,CROSSRATE,QT_BN,INDX,TQIF_HOL,TQTF_HOL,TQTF_W_HOL,UP,CETS,CETS_MTL,TQFD,TQFE,OCTR,TQTY,MTQR,SMAL,TQBR,TQOB,TQIF,TQTF,TQTF_W,TQBD,TQTD,TQOD,TQOY,TQTF_F_HOL,EES_OTC,TQTF_F,SMS,ALGO_ICEBERG,ALGO_VOLATIL,ALGO_TWAP,ALGO_VWAP,ALGO_GTD,MPAU,PSAU_FREE,PSAU,PSSU,PSSU_YAD,PACY,QT_EQ,", lua_error: nil
2026-03-18 00:15:47.050 LOG 0: Detected Quik version: 1208, script path: C:\Programming\QuikSharp\lua
2026-03-18 00:15:47.100 LOG 1: Shared memory IPC (variant 2) initialized
2026-03-18 00:15:47.150 LOG 1: QUIK# connected via shared memory (variant 2)
2026-03-18 00:15:54.050 LOG 0: Запрос от C# (req_id=1): {"data":{"createdTime":1773782154043,"data":"","cmd":"getClassesList"},"createdTime":1773782154045,"id":1,"cmd":"getClassesList"}
2026-03-18 00:15:54.100 LOG 0: Р’С‹Р·РѕРІ getClassesList, req_id=?
2026-03-18 00:15:54.150 LOG 1: После dispatch: cmd=getClassesList, data тип=string, data="TQTE,TQCB,TQOE,TQRD,TQUD,TQED,FQBR,SPBFUT,SPBOPT,USDRUB,OPTSPOT,OPTCURNCY,OPTCOMDTY,OPTIDX,RTSIDX,EQRP_INFO,FUTCLT,SPBXM,SPBDE,SPBEQRU,SPBRU,SPBRUBND,SPBRU_USD,PSSPBRUBNDDO,REPORT,REPORTFORTS,VTB_OTC,CROSSRATE,QT_BN,INDX,TQIF_HOL,TQTF_HOL,TQTF_W_HOL,UP,CETS,CETS_MTL,TQFD,TQFE,OCTR,TQTY,MTQR,SMAL,TQBR,TQOB,TQIF,TQTF,TQTF_W,TQBD,TQTD,TQOD,TQOY,TQTF_F_HOL,EES_OTC,TQTF_F,SMS,ALGO_ICEBERG,ALGO_VOLATIL,ALGO_TWAP,ALGO_VWAP,ALGO_GTD,MPAU,PSAU_FREE,PSAU,PSSU,PSSU_YAD,PACY,QT_EQ,"
2026-03-18 00:16:01.050 LOG 0: Запрос от C# (req_id=1): {"data":{"createdTime":1773782161018,"data":"TQBR|123456789","cmd":"get_order_by_number"},"createdTime":1773782161019,"id":1,"cmd":"get_order_by_number"}
2026-03-18 00:16:01.100 LOG 3: get_order_by_number: Р·Р°СЏРІРєР° TQBR|123456789 РЅРµ РЅР°Р№РґРµРЅР°
2026-03-18 00:16:01.150 LOG 1: После dispatch: cmd=lua_error, data тип=nil, data=[]
2026-03-18 00:17:17.050 LOG 0: Запрос от C# (req_id=1): {"data":{"createdTime":1773782237565,"data":"","cmd":"getClassesList"},"createdTime":1773782237567,"id":1,"cmd":"getClassesList"}
2026-03-18 00:17:17.100 LOG 0: Р’С‹Р·РѕРІ getClassesList, req_id=?
2026-03-18 00:17:17.150 LOG 1: После dispatch: cmd=getClassesList, data тип=string, data="TQTE,TQCB,TQOE,TQRD,TQUD,TQED,FQBR,SPBFUT,SPBOPT,USDRUB,OPTSPOT,OPTCURNCY,OPTCOMDTY,OPTIDX,RTSIDX,EQRP_INFO,FUTCLT,SPBXM,SPBDE,SPBEQRU,SPBRU,SPBRUBND,SPBRU_USD,PSSPBRUBNDDO,REPORT,REPORTFORTS,VTB_OTC,CROSSRATE,QT_BN,INDX,TQIF_HOL,TQTF_HOL,TQTF_W_HOL,UP,CETS,CETS_MTL,TQFD,TQFE,OCTR,TQTY,MTQR,SMAL,TQBR,TQOB,TQIF,TQTF,TQTF_W,TQBD,TQTD,TQOD,TQOY,TQTF_F_HOL,EES_OTC,TQTF_F,SMS,ALGO_ICEBERG,ALGO_VOLATIL,ALGO_TWAP,ALGO_VWAP,ALGO_GTD,MPAU,PSAU_FREE,PSAU,PSSU,PSSU_YAD,PACY,QT_EQ,"
2026-03-18 00:17:21.050 LOG 0: Запрос от C# (req_id=1): {"data":{"createdTime":1773782241773,"data":"TQBR|123456789","cmd":"get_order_by_number"},"createdTime":1773782241773,"id":1,"cmd":"get_order_by_number"}
2026-03-18 00:17:21.100 LOG 3: get_order_by_number: Р·Р°СЏРІРєР° TQBR|123456789 РЅРµ РЅР°Р№РґРµРЅР°
2026-03-18 00:17:21.150 LOG 1: После dispatch: cmd=lua_error, data тип=nil, data=[]
2026-03-18 00:17:49.050 LOG 0: Запрос от C# (req_id=1): {"data":{"createdTime":1773782269455,"data":"","cmd":"getClassesList"},"createdTime":1773782269457,"id":1,"cmd":"getClassesList"}
2026-03-18 00:17:49.100 LOG 0: Р’С‹Р·РѕРІ getClassesList, req_id=?
2026-03-18 00:17:49.150 LOG 1: После dispatch: cmd=getClassesList, data тип=string, data="TQTE,TQCB,TQOE,TQRD,TQUD,TQED,FQBR,SPBFUT,SPBOPT,USDRUB,OPTSPOT,OPTCURNCY,OPTCOMDTY,OPTIDX,RTSIDX,EQRP_INFO,FUTCLT,SPBXM,SPBDE,SPBEQRU,SPBRU,SPBRUBND,SPBRU_USD,PSSPBRUBNDDO,REPORT,REPORTFORTS,VTB_OTC,CROSSRATE,QT_BN,INDX,TQIF_HOL,TQTF_HOL,TQTF_W_HOL,UP,CETS,CETS_MTL,TQFD,TQFE,OCTR,TQTY,MTQR,SMAL,TQBR,TQOB,TQIF,TQTF,TQTF_W,TQBD,TQTD,TQOD,TQOY,TQTF_F_HOL,EES_OTC,TQTF_F,SMS,ALGO_ICEBERG,ALGO_VOLATIL,ALGO_TWAP,ALGO_VWAP,ALGO_GTD,MPAU,PSAU_FREE,PSAU,PSSU,PSSU_YAD,PACY,QT_EQ,"
2026-03-18 00:18:21.050 LOG 0: Запрос от C# (req_id=1): {"data":{"createdTime":1773782301284,"data":"TQBR|123456789","cmd":"get_order_by_number"},"createdTime":1773782301284,"id":1,"cmd":"get_order_by_number"}
2026-03-18 00:18:21.100 LOG 3: get_order_by_number: Р·Р°СЏРІРєР° TQBR|123456789 РЅРµ РЅР°Р№РґРµРЅР°
2026-03-18 00:18:21.150 LOG 1: После dispatch: cmd=lua_error, data тип=nil, data=[]
2026-03-19 21:30:20.050 LOG 0: Запрос от C# (req_id=1): {"data":{"createdTime":1773945020175,"data":"","cmd":"getClassesList"},"createdTime":1773945020182,"id":1,"cmd":"getClassesList"}
2026-03-19 21:30:20.100 LOG 0: Р’С‹Р·РѕРІ getClassesList, req_id=?
2026-03-19 21:30:20.150 LOG 1: После dispatch: cmd=getClassesList, data тип=string, data="TQTE,TQCB,TQOE,TQRD,TQUD,TQED,FQBR,SPBFUT,SPBOPT,USDRUB,OPTSPOT,OPTCURNCY,OPTCOMDTY,OPTIDX,RTSIDX,EQRP_INFO,FUTCLT,SPBXM,SPBDE,SPBEQRU,SPBRU,SPBRUBND,SPBRU_USD,PSSPBRUBNDDO,REPORT,REPORTFORTS,VTB_OTC,CROSSRATE,QT_BN,INDX,TQIF_HOL,TQTF_HOL,TQTF_W_HOL,UP,CETS,CETS_MTL,TQFD,TQFE,OCTR,TQTY,MTQR,SMAL,TQBR,TQOB,TQIF,TQTF,TQTF_W,TQBD,TQTD,TQOD,TQOY,TQTF_F_HOL,EES_OTC,TQTF_F,SMS,ALGO_ICEBERG,ALGO_VOLATIL,ALGO_TWAP,ALGO_VWAP,ALGO_GTD,MPAU,PSAU_FREE,PSAU,PSSU,PSSU_YAD,PACY,QT_EQ,"
